------------------------------------------------------------
TimeQuest Timing Analyzer Summary
------------------------------------------------------------

Type  : Slow 1200mV 85C Model Setup 'sys_clk'
Slack : -5.900
TNS   : -1672.399

Type  : Slow 1200mV 85C Model Setup 'CPU:Unit1|ctrl_unit:Unit0|controller:U0|IRld_ctrl'
Slack : -4.140
TNS   : -60.718

Type  : Slow 1200mV 85C Model Hold 'sys_clk'
Slack : 0.402
TNS   : 0.000

Type  : Slow 1200mV 85C Model Hold 'CPU:Unit1|ctrl_unit:Unit0|controller:U0|IRld_ctrl'
Slack : 2.768
TNS   : 0.000

Type  : Slow 1200mV 85C Model Recovery 'sys_clk'
Slack : -0.524
TNS   : -6.288

Type  : Slow 1200mV 85C Model Removal 'sys_clk'
Slack : 1.024
TNS   : 0.000

Type  : Slow 1200mV 85C Model Minimum Pulse Width 'sys_clk'
Slack : -3.000
TNS   : -567.196

Type  : Slow 1200mV 85C Model Minimum Pulse Width 'CPU:Unit1|ctrl_unit:Unit0|controller:U0|IRld_ctrl'
Slack : 0.379
TNS   : 0.000

Type  : Slow 1200mV 0C Model Setup 'sys_clk'
Slack : -5.334
TNS   : -1501.482

Type  : Slow 1200mV 0C Model Setup 'CPU:Unit1|ctrl_unit:Unit0|controller:U0|IRld_ctrl'
Slack : -3.817
TNS   : -55.859

Type  : Slow 1200mV 0C Model Hold 'sys_clk'
Slack : 0.353
TNS   : 0.000

Type  : Slow 1200mV 0C Model Hold 'CPU:Unit1|ctrl_unit:Unit0|controller:U0|IRld_ctrl'
Slack : 2.601
TNS   : 0.000

Type  : Slow 1200mV 0C Model Recovery 'sys_clk'
Slack : -0.366
TNS   : -4.392

Type  : Slow 1200mV 0C Model Removal 'sys_clk'
Slack : 0.935
TNS   : 0.000

Type  : Slow 1200mV 0C Model Minimum Pulse Width 'sys_clk'
Slack : -3.000
TNS   : -565.788

Type  : Slow 1200mV 0C Model Minimum Pulse Width 'CPU:Unit1|ctrl_unit:Unit0|controller:U0|IRld_ctrl'
Slack : 0.451
TNS   : 0.000

Type  : Fast 1200mV 0C Model Setup 'sys_clk'
Slack : -2.293
TNS   : -608.408

Type  : Fast 1200mV 0C Model Setup 'CPU:Unit1|ctrl_unit:Unit0|controller:U0|IRld_ctrl'
Slack : -1.384
TNS   : -19.207

Type  : Fast 1200mV 0C Model Hold 'sys_clk'
Slack : 0.181
TNS   : 0.000

Type  : Fast 1200mV 0C Model Hold 'CPU:Unit1|ctrl_unit:Unit0|controller:U0|IRld_ctrl'
Slack : 1.091
TNS   : 0.000

Type  : Fast 1200mV 0C Model Recovery 'sys_clk'
Slack : 0.232
TNS   : 0.000

Type  : Fast 1200mV 0C Model Removal 'sys_clk'
Slack : 0.485
TNS   : 0.000

Type  : Fast 1200mV 0C Model Minimum Pulse Width 'sys_clk'
Slack : -3.000
TNS   : -523.341

Type  : Fast 1200mV 0C Model Minimum Pulse Width 'CPU:Unit1|ctrl_unit:Unit0|controller:U0|IRld_ctrl'
Slack : 0.295
TNS   : 0.000

------------------------------------------------------------
